[
2to3
7z
a2x
a2x.py
a52dec
ab
abrt
abrt-action-analyze-backtrace
abrt-action-analyze-c
