 479826 /usr/share/dict/words
      1 tests/output/tmp
 479827 total
twu
